// Jest Snapshot v1, https://goo.gl/fbAQLP

exports[`Render 1`] = `
<button
  className="MuiButtonBase-root MuiFab-root makeStyles-Fab-1"
  disabled={false}
  onBlur={[Function]}
  onClick={[Function]}
  onDragLeave={[Function]}
  onFocus={[Function]}
  onKeyDown={[Function]}
  onKeyUp={[Function]}
  onMouseDown={[Function]}
  onMouseLeave={[Function]}
  onMouseUp={[Function]}
  onTouchEnd={[Function]}
  onTouchMove={[Function]}
  onTouchStart={[Function]}
  style={
    Object {
      "transform": "scale(0)",
      "visibility": "hidden",
    }
  }
  tabIndex={0}
  type="button"
>
  <span
    className="MuiFab-label"
  >
    <svg
      aria-hidden={true}
      className="MuiSvgIcon-root"
      focusable="false"
      viewBox="0 0 24 24"
    >
      <path
        d="M7.41 15.41L12 10.83l4.59 4.58L18 14l-6-6-6 6z"
      />
    </svg>
  </span>
</button>
`;
